$ bun --bun ../../node_modules/vitest/vitest.mjs run --config vitest.config.ts

[1m[30m[46m RUN [49m[39m[22m [36mv4.1.10 [39m[90mD:/MyProject/neuro-book/packages/neuro-book-manager[39m

 [32m✓[39m src/desktop-provider.test.ts [2m([22m[2m9 tests[22m[2m)[22m[32m 20[2mms[22m[39m
 [32m✓[39m src/managed-asset-repository.test.ts [2m([22m[2m5 tests[22m[2m)[22m[32m 37[2mms[22m[39m
 [32m✓[39m src/install-preflight.test.ts [2m([22m[2m7 tests[22m[2m)[22m[32m 51[2mms[22m[39m
 [32m✓[39m src/docker.test.ts [2m([22m[2m30 tests[22m[2m)[22m[32m 281[2mms[22m[39m
 [32m✓[39m src/schema.test.ts [2m([22m[2m13 tests[22m[2m)[22m[32m 63[2mms[22m[39m
 [32m✓[39m src/component.test.ts [2m([22m[2m6 tests[22m[2m)[22m[32m 239[2mms[22m[39m
 [32m✓[39m src/installation-health-docker.test.ts [2m([22m[2m8 tests[22m[2m)[22m[32m 58[2mms[22m[39m
 [32m✓[39m src/desktop-uac-broker.test.ts [2m([22m[2m4 tests[22m[2m)[22m[33m 333[2mms[22m[39m
 [32m✓[39m src/installation-mutation.test.ts [2m([22m[2m10 tests[22m[2m)[22m[32m 272[2mms[22m[39m
 [32m✓[39m src/manifest-store.test.ts [2m([22m[2m7 tests[22m[2m)[22m[32m 38[2mms[22m[39m
 [32m✓[39m src/uninstaller.test.ts [2m([22m[2m8 tests[22m[2m)[22m[32m 266[2mms[22m[39m
 [32m✓[39m src/update-preflight.test.ts [2m([22m[2m4 tests[22m[2m)[22m[32m 9[2mms[22m[39m
 [32m✓[39m src/application-execution.test.ts [2m([22m[2m6 tests[22m[2m)[22m[33m 598[2mms[22m[39m
     [33m[2m✓[22m[39m 普通启动在控制面文件或回执变化时于 Product spawn 前拒绝 [33m 322[2mms[22m[39m
 [32m✓[39m src/manager-config.test.ts [2m([22m[2m5 tests[22m[2m)[22m[32m 103[2mms[22m[39m
 [32m✓[39m src/paths.test.ts [2m([22m[2m6 tests[22m[2m)[22m[32m 9[2mms[22m[39m
 [32m✓[39m src/product.test.ts [2m([22m[2m3 tests[22m[2m)[22m[33m 419[2mms[22m[39m
 [32m✓[39m src/updater.test.ts [2m([22m[2m11 tests[22m[2m)[22m[33m 511[2mms[22m[39m
 [32m✓[39m src/app-commands.test.ts [2m([22m[2m29 tests[22m[2m)[22m[33m 739[2mms[22m[39m
 [32m✓[39m src/portable-launchers.test.ts [2m([22m[2m3 tests[22m[2m)[22m[32m 247[2mms[22m[39m
Initialized empty Git repository in C:/Users/Administrator/AppData/Local/Temp/neuro-book/test-paths/nbook-manager-git-source-qDu0CK/.git/
warning: in the working copy of 'package.json', LF will be replaced by CRLF the next time Git touches it
 [32m✓[39m src/operation.test.ts [2m([22m[2m36 tests[22m[2m)[22m[33m 939[2mms[22m[39m
 [32m✓[39m src/platform.test.ts [2m([22m[2m12 tests[22m[2m)[22m[32m 11[2mms[22m[39m
[master (root-commit) f13c407] fixture
 1 file changed, 1 insertion(+)
 create mode 100644 package.json
 [32m✓[39m src/migration-operation.test.ts [2m([22m[2m22 tests[22m[2m)[22m[33m 1010[2mms[22m[39m
 [32m✓[39m src/health.test.ts [2m([22m[2m6 tests[22m[2m)[22m[32m 187[2mms[22m[39m
 [32m✓[39m src/tools-managed.test.ts [2m([22m[2m2 tests[22m[2m)[22m[32m 152[2mms[22m[39m
Initialized empty Git repository in C:/Users/Administrator/AppData/Local/Temp/neuro-book/test-paths/nbook-manager-git-target-Zd06DB/.git/
 [32m✓[39m src/state-integrity.test.ts [2m([22m[2m4 tests[22m[2m)[22m[32m 46[2mms[22m[39m
 [2m[90m↓[39m[22m src/runtime-managed.test.ts [2m([22m[2m2 tests[22m[2m | [22m[33m2 skipped[39m[2m)[22m
From C:\Users\ADMINI~1\AppData\Local\Temp\neuro-book\test-paths\nbook-manager-git-source-qDu0CK
 * branch            master     -> FETCH_HEAD
 * [new branch]      master     -> origin/master
 [32m✓[39m src/instance-import.test.ts [2m([22m[2m3 tests[22m[2m)[22m[33m 877[2mms[22m[39m
     [33m[2m✓[22m[39m 服务停机只产生warning，确认后可导入 [33m 463[2mms[22m[39m
Already on 'master'
branch 'master' set up to track 'origin/master'.
 [32m✓[39m src/product-build.test.ts [2m([22m[2m1 test[22m[2m)[22m[32m 154[2mms[22m[39m
 [32m✓[39m src/desktop-installation.test.ts [2m([22m[2m33 tests[22m[2m)[22m[33m 1667[2mms[22m[39m
 [32m✓[39m src/files.test.ts [2m([22m[2m2 tests[22m[2m)[22m[32m 13[2mms[22m[39m
 [32m✓[39m src/error-message.test.ts [2m([22m[2m2 tests[22m[2m)[22m[32m 5[2mms[22m[39m
 [32m✓[39m src/installation-health.test.ts [2m([22m[2m3 tests[22m[2m)[22m[33m 1009[2mms[22m[39m
     [33m[2m✓[22m[39m 原生服务正常停止时doctor保持healthy并给出start warning [33m 402[2mms[22m[39m
     [33m[2m✓[22m[39m wrapper存在但内容指向旧组件时doctor失败 [33m 317[2mms[22m[39m
Initialized empty Git repository in C:/Users/Administrator/AppData/Local/Temp/neuro-book/test-paths/nbook-manager-git-dirty-s7UEU3/.git/
 [32m✓[39m src/source-adoption.test.ts [2m([22m[2m2 tests[22m[2m)[22m[32m 7[2mms[22m[39m
 [32m✓[39m src/profiles.test.ts [2m([22m[2m3 tests[22m[2m)[22m[32m 7[2mms[22m[39m
Initialized empty Git repository in C:/Users/Administrator/AppData/Local/Temp/neuro-book/test-paths/nbook-manager-git-source-Ezfayp/.git/
 [32m✓[39m src/maintenance.test.ts [2m([22m[2m1 test[22m[2m)[22m[33m 429[2mms[22m[39m
     [33m[2m✓[22m[39m shadow workspace使doctor失败并进入status下一步 [33m 428[2mms[22m[39m
warning: in the working copy of 'package.json', LF will be replaced by CRLF the next time Git touches it
[master (root-commit) 776b41c] fixture
 1 file changed, 1 insertion(+)
 create mode 100644 package.json
Initialized empty Git repository in C:/Users/Administrator/AppData/Local/Temp/neuro-book/test-paths/nbook-manager-git-target-6PY6wm/.git/
From C:\Users\ADMINI~1\AppData\Local\Temp\neuro-book\test-paths\nbook-manager-git-source-Ezfayp
 * branch            master     -> FETCH_HEAD
 * [new branch]      master     -> origin/master
Already on 'master'
branch 'master' set up to track 'origin/master'.
Initialized empty Git repository in C:/Users/Administrator/AppData/Local/Temp/neuro-book/test-paths/nbook-manager-stage-source-3RjyuO/.git/
warning: in the working copy of 'package.json', LF will be replaced by CRLF the next time Git touches it
[master (root-commit) 776b41c] fixture
 1 file changed, 1 insertion(+)
 create mode 100644 package.json
 [32m✓[39m src/git.test.ts [2m([22m[2m4 tests[22m[2m)[22m[33m 1768[2mms[22m[39m
     [33m[2m✓[22m[39m 允许目标目录预先存在 Manager-owned 路径 [33m 1014[2mms[22m[39m
     [33m[2m✓[22m[39m 失败恢复只删除本次物化的checkout并保留Manager-owned目录 [33m 444[2mms[22m[39m
 [32m✓[39m src/instance-discovery.test.ts [2m([22m[2m6 tests[22m[2m)[22m[33m 2539[2mms[22m[39m
     [33m[2m✓[22m[39m 识别未接管NeuroBook checkout并拒绝dirty worktree [33m 679[2mms[22m[39m
     [33m[2m✓[22m[39m 损坏Manifest不会退化为普通Git checkout [33m 472[2mms[22m[39m
     [33m[2m✓[22m[39m 允许有完整回滚Operation证据的checkout重新接管 [33m 363[2mms[22m[39m
     [33m[2m✓[22m[39m 按深度发现候选并跳过已注册实例与node_modules [33m 609[2mms[22m[39m
     [33m[2m✓[22m[39m 识别.git为文件的linked worktree [33m 380[2mms[22m[39m
 [32m✓[39m src/download.test.ts [2m([22m[2m5 tests[22m[2m | [22m[33m1 skipped[39m[2m)[22m[33m 2345[2mms[22m[39m
     [33m[2m✓[22m[39m 在Bun下解压超过fflate异步Worker阈值的高压缩条目 [33m 2304[2mms[22m[39m
 [32m✓[39m src/process.test.ts [2m([22m[2m4 tests[22m[2m)[22m[33m 2889[2mms[22m[39m
     [33m[2m✓[22m[39m 完整转发包含空格的参数 [33m 1597[2mms[22m[39m
     [33m[2m✓[22m[39m 保留子进程非零退出语义 [33m 1242[2mms[22m[39m
 [32m✓[39m src/runtime.test.ts [2m([22m[2m3 tests[22m[2m)[22m[33m 4095[2mms[22m[39m
     [33m[2m✓[22m[39m machine wrapper 从校验后的用户 Cache 投影执行 Manager [33m 3246[2mms[22m[39m
     [33m[2m✓[22m[39m 校验并接管 Stage 0 Bun [33m 828[2mms[22m[39m
 [32m✓[39m src/app-commands.owned-process.test.ts [2m([22m[2m4 tests[22m[2m)[22m[33m 3803[2mms[22m[39m
     [33m[2m✓[22m[39m 健康检查失败会清理完整Product进程树并释放端口 [33m 3026[2mms[22m[39m
 [32m✓[39m src/windows-uninstall-host.test.ts [2m([22m[2m5 tests[22m[2m)[22m[33m 9043[2mms[22m[39m
     [33m[2m✓[22m[39m 真实调度的Host不依赖Bun父进程句柄完成Portable删除 [33m 3662[2mms[22m[39m
     [33m[2m✓[22m[39m Portable 默认只保留 State Root 用户数据 [33m 1548[2mms[22m[39m
     [33m[2m✓[22m[39m Installed Windows 的 deleteData 删除程序和全部托管数据根 [33m 1271[2mms[22m[39m
     [33m[2m✓[22m[39m 删除超过 MAX_PATH 的深层托管内容（\?\ 长路径前缀） [33m 1276[2mms[22m[39m
     [33m[2m✓[22m[39m intent 摘要被篡改时零删除并写失败结果 [33m 1285[2mms[22m[39m

[2m Test Files [22m [1m[32m41 passed[39m[22m[2m | [22m[33m1 skipped[39m[90m (42)[39m
[2m      Tests [22m [1m[32m336 passed[39m[22m[2m | [22m[33m3 skipped[39m[90m (339)[39m
[2m   Start at [22m 01:59:17
[2m   Duration [22m 9.66s[2m (transform 5.98s, setup 1.12s, import 13.05s, tests 37.29s, environment 7ms)[22m

